Archive member included because of file (symbol)

lib/lib.a(ctype.o)            kernel/kernel.o (_ctype)
lib/lib.a(_exit.o)            init/main.o (_exit)
lib/lib.a(open.o)             init/main.o (open)
lib/lib.a(close.o)            init/main.o (close)
lib/lib.a(errno.o)            init/main.o (errno)
lib/lib.a(write.o)            init/main.o (write)
lib/lib.a(dup.o)              init/main.o (dup)
lib/lib.a(setsid.o)           init/main.o (setsid)
lib/lib.a(execve.o)           init/main.o (execve)
lib/lib.a(wait.o)             init/main.o (wait)
lib/lib.a(string.o)           kernel/kernel.o (memcpy)

Allocating common symbols
Common symbol       size              file

errno               0x4               lib/lib.a(errno.o)
hash_table          0x4cc             fs/fs.o
___strtok           0x4               lib/lib.a(string.o)
r                   0x4               kernel/kernel.o
user_stack          0x1000            kernel/kernel.o
_ctmp               0x1               lib/lib.a(ctype.o)
global_key          0x400             kernel/kernel.o
super_block         0x340             fs/fs.o
file_table          0x400             fs/fs.o

Discarded input sections

 .note.GNU-stack
                0x0000000000000000        0x0 init/main.o
 .note.GNU-stack
                0x0000000000000000        0x0 kernel/kernel.o
 .note.GNU-stack
                0x0000000000000000        0x0 mm/mm.o
 .note.GNU-stack
                0x0000000000000000        0x0 fs/fs.o
 .note.GNU-stack
                0x0000000000000000        0x0 lib/lib.a(ctype.o)
 .note.GNU-stack
                0x0000000000000000        0x0 lib/lib.a(_exit.o)
 .note.GNU-stack
                0x0000000000000000        0x0 lib/lib.a(open.o)
 .note.GNU-stack
                0x0000000000000000        0x0 lib/lib.a(close.o)
 .note.GNU-stack
                0x0000000000000000        0x0 lib/lib.a(errno.o)
 .note.GNU-stack
                0x0000000000000000        0x0 lib/lib.a(write.o)
 .note.GNU-stack
                0x0000000000000000        0x0 lib/lib.a(dup.o)
 .note.GNU-stack
                0x0000000000000000        0x0 lib/lib.a(setsid.o)
 .note.GNU-stack
                0x0000000000000000        0x0 lib/lib.a(execve.o)
 .note.GNU-stack
                0x0000000000000000        0x0 lib/lib.a(wait.o)
 .note.GNU-stack
                0x0000000000000000        0x0 lib/lib.a(string.o)

Memory Configuration

Name             Origin             Length             Attributes
*default*        0x0000000000000000 0xffffffffffffffff

Linker script and memory map

Address of section .text set to 0x0
LOAD boot/head.o
LOAD init/main.o
LOAD kernel/kernel.o
LOAD mm/mm.o
LOAD fs/fs.o
LOAD lib/lib.a
                0x0000000008048000                PROVIDE (__executable_start, 0x8048000)
                0x0000000008048094                . = (0x8048000 + SIZEOF_HEADERS)

.interp
 *(.interp)

.note.gnu.build-id
 *(.note.gnu.build-id)

.hash
 *(.hash)

.gnu.hash
 *(.gnu.hash)

.dynsym
 *(.dynsym)

.dynstr
 *(.dynstr)

.gnu.version
 *(.gnu.version)

.gnu.version_d
 *(.gnu.version_d)

.gnu.version_r
 *(.gnu.version_r)

.rel.dyn        0x0000000008048094        0x0
 *(.rel.init)
 *(.rel.text .rel.text.* .rel.gnu.linkonce.t.*)
 .rel.text      0x0000000000000000        0x0 boot/head.o
 *(.rel.fini)
 *(.rel.rodata .rel.rodata.* .rel.gnu.linkonce.r.*)
 *(.rel.data.rel.ro* .rel.gnu.linkonce.d.rel.ro.*)
 *(.rel.data .rel.data.* .rel.gnu.linkonce.d.*)
 .rel.data      0x0000000000000000        0x0 boot/head.o
 *(.rel.tdata .rel.tdata.* .rel.gnu.linkonce.td.*)
 *(.rel.tbss .rel.tbss.* .rel.gnu.linkonce.tb.*)
 *(.rel.ctors)
 *(.rel.dtors)
 *(.rel.got)
 *(.rel.bss .rel.bss.* .rel.gnu.linkonce.b.*)
 *(.rel.ifunc)

.rel.plt        0x0000000008048094        0x0
 *(.rel.plt)
                0x0000000008048094                PROVIDE (__rel_iplt_start, .)
 *(.rel.iplt)
 .rel.iplt      0x0000000000000000        0x0 boot/head.o
                0x0000000008048094                PROVIDE (__rel_iplt_end, .)

.init
 *(.init)

.plt            0x00000000080480a0        0x0
 *(.plt)
 *(.iplt)
 .iplt          0x0000000000000000        0x0 boot/head.o

.text           0x0000000000000000     0xfda5
 *(.text.unlikely .text.*_unlikely)
 *(.text.exit .text.exit.*)
 *(.text.startup .text.startup.*)
 *(.text.hot .text.hot.*)
 *(.text .stub .text.* .gnu.linkonce.t.*)
 .text          0x0000000000000000     0x5078 boot/head.o
                0x0000000000000000                startup_32
                0x0000000000000000                pg_dir
                0x0000000000004078                idt
                0x0000000000004878                gdt
 *fill*         0x0000000000005078        0x8 90909090
 .text          0x0000000000005080      0x370 init/main.o
                0x00000000000050c1                init
                0x0000000000005232                main
 .text          0x00000000000053f0     0x4f94 kernel/kernel.o
                0x00000000000053f0                sys_alarm
                0x0000000000005417                sys_getpid
                0x0000000000005423                sys_getppid
                0x000000000000542f                sys_getuid
                0x000000000000543c                sys_geteuid
                0x0000000000005449                sys_getgid
                0x0000000000005456                sys_getegid
                0x0000000000005463                sys_nice
                0x000000000000547c                sys_signal
                0x00000000000054b9                math_state_restore
                0x00000000000054f0                schedule
                0x00000000000055e1                sys_pause
                0x00000000000055f7                sleep_on
                0x0000000000005651                interruptible_sleep_on
                0x00000000000056bb                wake_up
                0x00000000000056d7                do_timer
                0x000000000000571d                sched_init
                0x0000000000005844                system_call
                0x0000000000005936                timer_interrupt
                0x000000000000596e                sys_execve
                0x000000000000597c                sys_fork
                0x0000000000005994                hd_interrupt
                0x0000000000005b41                do_double_fault
                0x0000000000005b5a                do_general_protection
                0x0000000000005b73                do_divide_error
                0x0000000000005b8c                do_int3
                0x0000000000005c44                do_nmi
                0x0000000000005c5d                do_debug
                0x0000000000005c76                do_overflow
                0x0000000000005c8f                do_bounds
                0x0000000000005ca8                do_invalid_op
                0x0000000000005cc1                do_device_not_available
                0x0000000000005cda                do_coprocessor_segment_overrun
                0x0000000000005cf3                do_invalid_TSS
                0x0000000000005d0c                do_segment_not_present
                0x0000000000005d25                do_stack_segment
                0x0000000000005d3e                do_coprocessor_error
                0x0000000000005d57                do_reserved
                0x0000000000005d70                trap_init
                0x0000000000005f2c                divide_error
                0x0000000000005f61                debug
                0x0000000000005f68                nmi
                0x0000000000005f6f                int3
                0x0000000000005f76                overflow
                0x0000000000005f7d                bounds
                0x0000000000005f84                invalid_op
                0x0000000000005f93                device_not_available
                0x0000000000005fc0                coprocessor_segment_overrun
                0x0000000000005fca                reserved
                0x0000000000005fd4                coprocessor_error
                0x0000000000005fde                double_fault
                0x0000000000006015                invalid_TSS
                0x000000000000601c                segment_not_present
                0x0000000000006023                stack_segment
                0x000000000000602a                general_protection
                0x0000000000006034                verify_area
                0x0000000000006099                copy_mem
                0x000000000000618f                copy_process
                0x000000000000641e                find_empty_process
                0x0000000000006480                panic
                0x000000000000649c                printk
                0x0000000000006726                vsprintf
                0x0000000000006a90                tty_init
                0x0000000000006aa1                tty_intr
                0x0000000000006ae6                copy_to_cooked
                0x0000000000006d66                tty_read
                0x000000000000702c                tty_write
                0x0000000000007209                do_tty_interrupt
                0x0000000000007435                csi_m
                0x0000000000007490                con_write
                0x0000000000007dfa                con_init
                0x0000000000007e7d                sys_clear
                0x0000000000007eb2                sys_videowrite
                0x0000000000007f13                keyboard_interrupt
                0x00000000000084ba                user_key_map_size
                0x00000000000084e2                user_key_ptr
                0x00000000000084e6                user_shift_ptr
                0x00000000000084ea                user_alt_ptr
                0x00000000000084ee                selected_layout
                0x00000000000089dc                rs1_interrupt
                0x00000000000089e4                rs2_interrupt
                0x0000000000009149                rw_hd
                0x00000000000091f2                sys_setup
                0x00000000000092f1                unexpected_hd_interrupt
                0x0000000000009304                hd_init
                0x0000000000009374                sys_ftime
                0x000000000000937a                sys_mknod
                0x0000000000009380                sys_break
                0x0000000000009386                sys_mount
                0x000000000000938c                sys_umount
                0x0000000000009392                sys_ustat
                0x0000000000009398                sys_ptrace
                0x000000000000939e                sys_stty
                0x00000000000093a4                sys_gtty
                0x00000000000093aa                sys_rename
                0x00000000000093b0                sys_prof
                0x00000000000093b6                sys_setgid
                0x0000000000009413                sys_acct
                0x0000000000009419                sys_phys
                0x000000000000941f                sys_lock
                0x0000000000009425                sys_mpx
                0x000000000000942b                sys_ulimit
                0x0000000000009431                sys_time
                0x0000000000009484                sys_setuid
                0x00000000000094dd                sys_stime
                0x000000000000952a                sys_times
                0x0000000000009583                sys_brk
                0x00000000000095b6                sys_setpgid
                0x000000000000962b                sys_getpgrp
                0x0000000000009637                sys_setsid
                0x000000000000968c                sys_oldolduname
                0x00000000000096a4                sys_uname
                0x00000000000096f1                sys_umask
                0x000000000000970f                sys_null
                0x0000000000009731                sys_change_user_layout
                0x00000000000097a0                release
                0x00000000000097fa                do_kill
                0x0000000000009a73                sys_kill
                0x0000000000009aa9                do_exit
                0x0000000000009c3c                sys_exit
                0x0000000000009c57                sys_waitpid
                0x0000000000009dde                rs_init
                0x0000000000009e36                rs_write
                0x0000000000009e60                kernel_mktime
                0x0000000000009ec8                itoa
                0x0000000000009f63                generate_random
                0x0000000000009fa8                is_random_valid
                0x0000000000009fe8                sys_keygen
                0x000000000000a069                sys_keyclear
                0x000000000000a0a2                sys_keyshow
                0x000000000000a0fb                sys_keyset
                0x000000000000a12c                sort
                0x000000000000a1c9                sys_encr
                0x000000000000a1e1                buffer_encrypt
                0x000000000000a2e9                file_encrypt
                0x000000000000a348                sys_encrypt
 .text          0x000000000000a384      0x517 mm/mm.o
                0x000000000000a384                invalidate
                0x000000000000a38d                copy_page
                0x000000000000a3b2                get_free_page
                0x000000000000a3ea                free_page
                0x000000000000a44a                free_page_tables
                0x000000000000a4fa                copy_page_tables
                0x000000000000a5f4                put_page
                0x000000000000a6a1                un_wp_page
                0x000000000000a731                do_wp_page
                0x000000000000a761                write_verify
                0x000000000000a7a0                do_no_page
                0x000000000000a7d0                calc_mem
                0x000000000000a864                page_fault
 *fill*         0x000000000000a89b        0x5 90909090
 .text          0x000000000000a8a0     0x4f4c fs/fs.o
                0x000000000000a8a0                sys_utime
                0x000000000000a909                sys_access
                0x000000000000a9a0                sys_chdir
                0x000000000000aa03                sys_chroot
                0x000000000000aa66                sys_chmod
                0x000000000000aafb                sys_chown
                0x000000000000ab62                sys_open
                0x000000000000acf6                sys_creat
                0x000000000000ad19                sys_close
                0x000000000000ada0                sys_lseek
                0x000000000000ae5c                sys_read
                0x000000000000afb7                sys_write
                0x000000000000b4cb                sync_inodes
                0x000000000000b515                bmap
                0x000000000000b52e                create_block
                0x000000000000b547                iput
                0x000000000000b635                get_empty_inode
                0x000000000000b723                get_pipe_inode
                0x000000000000b76a                iget
                0x000000000000b957                sys_sync
                0x000000000000b9bf                brelse
                0x000000000000ba11                get_hash_table
                0x000000000000ba70                getblk
                0x000000000000bd0f                bread
                0x000000000000bd69                buffer_init
                0x000000000000be04                do_mount
                0x000000000000c00f                mount_root
                0x000000000000c160                block_write
                0x000000000000c243                block_read
                0x000000000000c31a                ll_rw_block
                0x000000000000c3e3                rw_char
                0x000000000000c454                file_read
                0x000000000000c5ff                file_write
                0x000000000000c89e                sys_stat
                0x000000000000c8e3                sys_lstat
                0x000000000000c8fe                sys_fstat
                0x000000000000c941                sys_stat64
                0x000000000000c986                sys_fstat64
                0x000000000000c9c9                sys_lstat64
                0x000000000000c9e4                sys_oldstat
                0x000000000000c9fc                sys_oldfstat
                0x000000000000cb44                cp_block
                0x000000000000cb79                is_valid_elf
                0x000000000000cbbe                read_file_block_ind
                0x000000000000cc53                read_file_block
                0x000000000000cd52                copy_section
                0x000000000000ce40                create_bss_section
                0x000000000000ce66                load_elf_binary
                0x000000000000d071                do_execve
                0x000000000000d504                read_pipe
                0x000000000000d59d                write_pipe
                0x000000000000d696                sys_pipe
                0x000000000000dcc9                namei
                0x000000000000dd7f                open_namei
                0x000000000000dfe5                sys_mkdir
                0x000000000000e29a                sys_rmdir
                0x000000000000e60c                sys_unlink
                0x000000000000e7a8                sys_link
                0x000000000000e950                free_block
                0x000000000000ea8b                new_block
                0x000000000000ec0e                free_inode
                0x000000000000ed3a                new_inode
                0x000000000000ef1a                sys_dup2
                0x000000000000ef3a                sys_dup
                0x000000000000ef4a                sys_fcntl
                0x000000000000f007                sys_fcntl64
                0x000000000000f05c                sys_ioctl
                0x000000000000f0f9                tty_ioctl
                0x000000000000f3c5                truncate
                0x000000000000f4d0                sys_getdents
                0x000000000000f65e                sys_getdents64
 .text          0x000000000000f7ec        0x0 lib/lib.a(ctype.o)
 .text          0x000000000000f7ec        0xe lib/lib.a(_exit.o)
                0x000000000000f7ec                _exit
 *fill*         0x000000000000f7fa        0x2 90909090
 .text          0x000000000000f7fc       0x3d lib/lib.a(open.o)
                0x000000000000f7fc                open
 *fill*         0x000000000000f839        0x3 90909090
 .text          0x000000000000f83c       0x23 lib/lib.a(close.o)
                0x000000000000f83c                close
 *fill*         0x000000000000f85f        0x1 90909090
 .text          0x000000000000f860        0x0 lib/lib.a(errno.o)
 .text          0x000000000000f860       0x3d lib/lib.a(write.o)
                0x000000000000f860                write
 *fill*         0x000000000000f89d        0x3 90909090
 .text          0x000000000000f8a0       0x23 lib/lib.a(dup.o)
                0x000000000000f8a0                dup
 *fill*         0x000000000000f8c3        0x1 90909090
 .text          0x000000000000f8c4       0x1e lib/lib.a(setsid.o)
                0x000000000000f8c4                setsid
 *fill*         0x000000000000f8e2        0x2 90909090
 .text          0x000000000000f8e4       0x3d lib/lib.a(execve.o)
                0x000000000000f8e4                execve
 *fill*         0x000000000000f921        0x3 90909090
 .text          0x000000000000f924       0x60 lib/lib.a(wait.o)
                0x000000000000f924                waitpid
                0x000000000000f961                wait
 .text          0x000000000000f984      0x421 lib/lib.a(string.o)
                0x000000000000f984                strcpy
                0x000000000000f9ac                strncpy
                0x000000000000f9dd                strcat
                0x000000000000fa12                strncat
                0x000000000000fa51                strcmp
                0x000000000000fa7f                strncmp
                0x000000000000fab4                strchr
                0x000000000000fad2                strrchr
                0x000000000000faf3                strspn
                0x000000000000fb40                strcspn
                0x000000000000fb8d                strpbrk
                0x000000000000fbd2                strstr
                0x000000000000fc17                strlen
                0x000000000000fc30                strtok
                0x000000000000fcc1                memcpy
                0x000000000000fce7                memmove
                0x000000000000fd35                memcmp
                0x000000000000fd69                memchr
                0x000000000000fd8f                memset
 *(.gnu.warning)

.fini
 *(.fini)
                0x000000000000fda5                PROVIDE (__etext, .)
                0x000000000000fda5                PROVIDE (_etext, .)
                0x000000000000fda5                PROVIDE (etext, .)

.rodata         0x000000000000fdc0     0x1064
 *(.rodata .rodata.* .gnu.linkonce.r.*)
 .rodata.str1.1
                0x000000000000fdc0       0x68 init/main.o
 .rodata.str1.4
                0x000000000000fe28       0x25 init/main.o
 *fill*         0x000000000000fe4d       0x13 00
 .rodata        0x000000000000fe60      0x270 kernel/kernel.o
 .rodata.str1.1
                0x00000000000100d0      0x2df kernel/kernel.o
                                        0x2e8 (size before relaxing)
 *fill*         0x00000000000103af        0x1 00
 .rodata.str1.4
                0x00000000000103b0      0x1fc kernel/kernel.o
 .rodata.str1.4
                0x00000000000105ac       0xe9 mm/mm.o
 .rodata.str1.1
                0x0000000000010695       0x68 mm/mm.o
 *fill*         0x00000000000106fd        0x3 00
 .rodata        0x0000000000010700       0xc4 fs/fs.o
 .rodata.str1.1
                0x00000000000107c4      0x32c fs/fs.o
                                        0x332 (size before relaxing)
 .rodata.str1.4
                0x0000000000010af0      0x334 fs/fs.o

.rodata1
 *(.rodata1)

.eh_frame_hdr
 *(.eh_frame_hdr)

.eh_frame       0x0000000000010e24     0x23b8
 *(.eh_frame)
 .eh_frame      0x0000000000010e24       0x74 init/main.o
 .eh_frame      0x0000000000010e98      0xf34 kernel/kernel.o
                                       0x109c (size before relaxing)
 .eh_frame      0x0000000000011dcc      0x1a8 mm/mm.o
                                        0x1c0 (size before relaxing)
 .eh_frame      0x0000000000011f74      0xf0c fs/fs.o
                                       0x10bc (size before relaxing)
 .eh_frame      0x0000000000012e80       0x1c lib/lib.a(_exit.o)
                                         0x34 (size before relaxing)
 .eh_frame      0x0000000000012e9c       0x20 lib/lib.a(open.o)
                                         0x38 (size before relaxing)
 .eh_frame      0x0000000000012ebc       0x1c lib/lib.a(close.o)
                                         0x34 (size before relaxing)
 .eh_frame      0x0000000000012ed8       0x20 lib/lib.a(write.o)
                                         0x38 (size before relaxing)
 .eh_frame      0x0000000000012ef8       0x1c lib/lib.a(dup.o)
                                         0x34 (size before relaxing)
 .eh_frame      0x0000000000012f14       0x14 lib/lib.a(setsid.o)
                                         0x2c (size before relaxing)
 .eh_frame      0x0000000000012f28       0x20 lib/lib.a(execve.o)
                                         0x38 (size before relaxing)
 .eh_frame      0x0000000000012f48       0x38 lib/lib.a(wait.o)
                                         0x50 (size before relaxing)
 .eh_frame      0x0000000000012f80      0x25c lib/lib.a(string.o)
                                        0x274 (size before relaxing)

.gcc_except_table
 *(.gcc_except_table .gcc_except_table.*)

.exception_ranges
 *(.exception_ranges .exception_ranges*)
                0x00000000000131dc                . = (ALIGN (0x1000) - ((0x1000 - .) & 0xfff))
                0x0000000000014000                . = DATA_SEGMENT_ALIGN (0x1000, 0x1000)

.eh_frame
 *(.eh_frame)

.gcc_except_table
 *(.gcc_except_table .gcc_except_table.*)

.exception_ranges
 *(.exception_ranges .exception_ranges*)

.tdata
 *(.tdata .tdata.* .gnu.linkonce.td.*)

.tbss
 *(.tbss .tbss.* .gnu.linkonce.tb.*)
 *(.tcommon)

.preinit_array  0x0000000000014000        0x0
                0x0000000000014000                PROVIDE (__preinit_array_start, .)
 *(.preinit_array)
                0x0000000000014000                PROVIDE (__preinit_array_end, .)

.init_array     0x0000000000014000        0x0
                0x0000000000014000                PROVIDE (__init_array_start, .)
 *(SORT(.init_array.*) SORT(.ctors.*))
 *(.init_array)
 *(EXCLUDE_FILE(*crtend?.o *crtend.o *crtbegin?.o *crtbegin.o) .ctors)
                0x0000000000014000                PROVIDE (__init_array_end, .)

.fini_array     0x0000000000014000        0x0
                0x0000000000014000                PROVIDE (__fini_array_start, .)
 *(SORT(.fini_array.*) SORT(.dtors.*))
 *(.fini_array)
 *(EXCLUDE_FILE(*crtend?.o *crtend.o *crtbegin?.o *crtbegin.o) .dtors)
                0x0000000000014000                PROVIDE (__fini_array_end, .)

.ctors
 *crtbegin.o(.ctors)
 *crtbegin?.o(.ctors)
 *(EXCLUDE_FILE(*crtend?.o *crtend.o) .ctors)
 *(SORT(.ctors.*))
 *(.ctors)

.dtors
 *crtbegin.o(.dtors)
 *crtbegin?.o(.dtors)
 *(EXCLUDE_FILE(*crtend?.o *crtend.o) .dtors)
 *(SORT(.dtors.*))
 *(.dtors)

.jcr
 *(.jcr)

.data.rel.ro
 *(.data.rel.ro.local* .gnu.linkonce.d.rel.ro.local.*)
 *(.data.rel.ro* .gnu.linkonce.d.rel.ro.*)

.dynamic
 *(.dynamic)

.got
 *(.got)
 *(.igot)
                0x0000000000014000                . = DATA_SEGMENT_RELRO_END (., 0xc)

.got.plt        0x0000000000014000        0x0
 *(.got.plt)
 *(.igot.plt)
 .igot.plt      0x0000000000000000        0x0 boot/head.o

.data           0x0000000000014000     0x3e64
 *(.data .data.* .gnu.linkonce.d.*)
 .data          0x0000000000014000        0x0 boot/head.o
 .data          0x0000000000014000       0x18 init/main.o
 *fill*         0x0000000000014018        0x8 00
 .data          0x0000000000014020     0x3d2c kernel/kernel.o
                0x0000000000014020                stack_start
                0x0000000000014040                task
                0x0000000000014140                current
                0x0000000000014160                sys_call_table
                0x0000000000015660                table_list
                0x0000000000015680                tty_table
 .data          0x0000000000017d4c        0x0 mm/mm.o
 .data          0x0000000000017d4c        0x4 fs/fs.o
                0x0000000000017d4c                start_buffer
 *fill*         0x0000000000017d50       0x10 00
 .data          0x0000000000017d60      0x101 lib/lib.a(ctype.o)
                0x0000000000017d60                _ctype
 *fill*         0x0000000000017e61        0x3 00
 .data          0x0000000000017e64        0x0 lib/lib.a(_exit.o)
 .data          0x0000000000017e64        0x0 lib/lib.a(open.o)
 .data          0x0000000000017e64        0x0 lib/lib.a(close.o)
 .data          0x0000000000017e64        0x0 lib/lib.a(errno.o)
 .data          0x0000000000017e64        0x0 lib/lib.a(write.o)
 .data          0x0000000000017e64        0x0 lib/lib.a(dup.o)
 .data          0x0000000000017e64        0x0 lib/lib.a(setsid.o)
 .data          0x0000000000017e64        0x0 lib/lib.a(execve.o)
 .data          0x0000000000017e64        0x0 lib/lib.a(wait.o)
 .data          0x0000000000017e64        0x0 lib/lib.a(string.o)

.data1
 *(.data1)
                0x0000000000017e64                _edata = .
                0x0000000000017e64                PROVIDE (edata, .)
                0x0000000000017e64                __bss_start = .

.bss            0x0000000000017e80     0x414c
 *(.dynbss)
 *(.bss .bss.* .gnu.linkonce.b.*)
 .bss           0x0000000000017e80        0x0 boot/head.o
 .bss           0x0000000000017e80      0x400 init/main.o
 .bss           0x0000000000018280      0x9cc kernel/kernel.o
                0x0000000000018280                last_task_used_math
                0x0000000000018284                startup_time
                0x0000000000018288                jiffies
                0x000000000001828c                last_pid
                0x0000000000018740                do_hd
 *fill*         0x0000000000018c4c       0x14 00
 .bss           0x0000000000018c60      0xc00 mm/mm.o
 .bss           0x0000000000019860      0x710 fs/fs.o
                0x0000000000019860                inode_table
                0x0000000000019f64                nr_buffers
 .bss           0x0000000000019f70        0x0 lib/lib.a(ctype.o)
 .bss           0x0000000000019f70        0x0 lib/lib.a(_exit.o)
 .bss           0x0000000000019f70        0x0 lib/lib.a(open.o)
 .bss           0x0000000000019f70        0x0 lib/lib.a(close.o)
 .bss           0x0000000000019f70        0x0 lib/lib.a(errno.o)
 .bss           0x0000000000019f70        0x0 lib/lib.a(write.o)
 .bss           0x0000000000019f70        0x0 lib/lib.a(dup.o)
 .bss           0x0000000000019f70        0x0 lib/lib.a(setsid.o)
 .bss           0x0000000000019f70        0x0 lib/lib.a(execve.o)
 .bss           0x0000000000019f70        0x0 lib/lib.a(wait.o)
 .bss           0x0000000000019f70        0x0 lib/lib.a(string.o)
 *(COMMON)
 *fill*         0x0000000000019f70       0x10 00
 COMMON         0x0000000000019f80     0x1420 kernel/kernel.o
                0x0000000000019f80                r
                0x0000000000019fa0                user_stack
                0x000000000001afa0                global_key
 COMMON         0x000000000001b3a0      0xc20 fs/fs.o
                0x000000000001b3a0                hash_table
                0x000000000001b880                super_block
                0x000000000001bbc0                file_table
 COMMON         0x000000000001bfc0        0x1 lib/lib.a(ctype.o)
                0x000000000001bfc0                _ctmp
 *fill*         0x000000000001bfc1        0x3 00
 COMMON         0x000000000001bfc4        0x4 lib/lib.a(errno.o)
                0x000000000001bfc4                errno
 COMMON         0x000000000001bfc8        0x4 lib/lib.a(string.o)
                0x000000000001bfc8                ___strtok
                0x000000000001bfcc                . = ALIGN ((. != 0x0)?0x4:0x1)
                0x000000000001bfcc                . = ALIGN (0x4)
                0x000000000001bfcc                . = ALIGN (0x4)
                0x000000000001bfcc                _end = .
                0x000000000001bfcc                PROVIDE (end, .)
                0x000000000001bfcc                . = DATA_SEGMENT_END (.)

.stab
 *(.stab)

.stabstr
 *(.stabstr)

.stab.excl
 *(.stab.excl)

.stab.exclstr
 *(.stab.exclstr)

.stab.index
 *(.stab.index)

.stab.indexstr
 *(.stab.indexstr)

.comment        0x0000000000000000       0x2a
 *(.comment)
 .comment       0x0000000000000000       0x2a init/main.o
                                         0x2b (size before relaxing)
 .comment       0x0000000000000000      0x285 kernel/kernel.o
 .comment       0x0000000000000000       0x2b mm/mm.o
 .comment       0x0000000000000000      0x331 fs/fs.o
 .comment       0x0000000000000000       0x2b lib/lib.a(ctype.o)
 .comment       0x0000000000000000       0x2b lib/lib.a(_exit.o)
 .comment       0x0000000000000000       0x2b lib/lib.a(open.o)
 .comment       0x0000000000000000       0x2b lib/lib.a(close.o)
 .comment       0x0000000000000000       0x2b lib/lib.a(errno.o)
 .comment       0x0000000000000000       0x2b lib/lib.a(write.o)
 .comment       0x0000000000000000       0x2b lib/lib.a(dup.o)
 .comment       0x0000000000000000       0x2b lib/lib.a(setsid.o)
 .comment       0x0000000000000000       0x2b lib/lib.a(execve.o)
 .comment       0x0000000000000000       0x2b lib/lib.a(wait.o)
 .comment       0x0000000000000000       0x2b lib/lib.a(string.o)

.debug
 *(.debug)

.line
 *(.line)

.debug_srcinfo
 *(.debug_srcinfo)

.debug_sfnames
 *(.debug_sfnames)

.debug_aranges  0x0000000000000000      0x580
 *(.debug_aranges)
 .debug_aranges
                0x0000000000000000       0x20 init/main.o
 .debug_aranges
                0x0000000000000020      0x1e0 kernel/kernel.o
 .debug_aranges
                0x0000000000000200       0x20 mm/mm.o
 .debug_aranges
                0x0000000000000220      0x240 fs/fs.o
 .debug_aranges
                0x0000000000000460       0x20 lib/lib.a(_exit.o)
 .debug_aranges
                0x0000000000000480       0x20 lib/lib.a(open.o)
 .debug_aranges
                0x00000000000004a0       0x20 lib/lib.a(close.o)
 .debug_aranges
                0x00000000000004c0       0x20 lib/lib.a(write.o)
 .debug_aranges
                0x00000000000004e0       0x20 lib/lib.a(dup.o)
 .debug_aranges
                0x0000000000000500       0x20 lib/lib.a(setsid.o)
 .debug_aranges
                0x0000000000000520       0x20 lib/lib.a(execve.o)
 .debug_aranges
                0x0000000000000540       0x20 lib/lib.a(wait.o)
 .debug_aranges
                0x0000000000000560       0x20 lib/lib.a(string.o)

.debug_pubnames
 *(.debug_pubnames)

.debug_info     0x0000000000000000    0x1bf95
 *(.debug_info .gnu.linkonce.wi.*)
 .debug_info    0x0000000000000000      0xccf init/main.o
 .debug_info    0x0000000000000ccf     0xa41e kernel/kernel.o
 .debug_info    0x000000000000b0ed      0x4d6 mm/mm.o
 .debug_info    0x000000000000b5c3     0xe2e1 fs/fs.o
 .debug_info    0x00000000000198a4       0x70 lib/lib.a(ctype.o)
 .debug_info    0x0000000000019914      0x3af lib/lib.a(_exit.o)
 .debug_info    0x0000000000019cc3      0x403 lib/lib.a(open.o)
 .debug_info    0x000000000001a0c6      0x3ce lib/lib.a(close.o)
 .debug_info    0x000000000001a494       0x3f lib/lib.a(errno.o)
 .debug_info    0x000000000001a4d3      0x400 lib/lib.a(write.o)
 .debug_info    0x000000000001a8d3      0x3ce lib/lib.a(dup.o)
 .debug_info    0x000000000001aca1      0x3cb lib/lib.a(setsid.o)
 .debug_info    0x000000000001b06c      0x3fc lib/lib.a(execve.o)
 .debug_info    0x000000000001b468      0x428 lib/lib.a(wait.o)
 .debug_info    0x000000000001b890      0x705 lib/lib.a(string.o)

.debug_abbrev   0x0000000000000000     0x48ef
 *(.debug_abbrev)
 .debug_abbrev  0x0000000000000000      0x1d7 init/main.o
 .debug_abbrev  0x00000000000001d7     0x1c95 kernel/kernel.o
 .debug_abbrev  0x0000000000001e6c      0x1af mm/mm.o
 .debug_abbrev  0x000000000000201b     0x213f fs/fs.o
 .debug_abbrev  0x000000000000415a       0x42 lib/lib.a(ctype.o)
 .debug_abbrev  0x000000000000419c       0xa3 lib/lib.a(_exit.o)
 .debug_abbrev  0x000000000000423f       0xdc lib/lib.a(open.o)
 .debug_abbrev  0x000000000000431b       0xb4 lib/lib.a(close.o)
 .debug_abbrev  0x00000000000043cf       0x30 lib/lib.a(errno.o)
 .debug_abbrev  0x00000000000043ff       0xd7 lib/lib.a(write.o)
 .debug_abbrev  0x00000000000044d6       0xb4 lib/lib.a(dup.o)
 .debug_abbrev  0x000000000000458a       0xb2 lib/lib.a(setsid.o)
 .debug_abbrev  0x000000000000463c       0xbb lib/lib.a(execve.o)
 .debug_abbrev  0x00000000000046f7       0xd0 lib/lib.a(wait.o)
 .debug_abbrev  0x00000000000047c7      0x128 lib/lib.a(string.o)

.debug_line     0x0000000000000000     0x385c
 *(.debug_line)
 .debug_line    0x0000000000000000      0x11e init/main.o
 .debug_line    0x000000000000011e     0x15b7 kernel/kernel.o
 .debug_line    0x00000000000016d5      0x122 mm/mm.o
 .debug_line    0x00000000000017f7     0x1b9d fs/fs.o
 .debug_line    0x0000000000003394       0x28 lib/lib.a(ctype.o)
 .debug_line    0x00000000000033bc       0x50 lib/lib.a(_exit.o)
 .debug_line    0x000000000000340c       0x76 lib/lib.a(open.o)
 .debug_line    0x0000000000003482       0x6e lib/lib.a(close.o)
 .debug_line    0x00000000000034f0       0x28 lib/lib.a(errno.o)
 .debug_line    0x0000000000003518       0x8c lib/lib.a(write.o)
 .debug_line    0x00000000000035a4       0x6c lib/lib.a(dup.o)
 .debug_line    0x0000000000003610       0x88 lib/lib.a(setsid.o)
 .debug_line    0x0000000000003698       0x73 lib/lib.a(execve.o)
 .debug_line    0x000000000000370b       0x90 lib/lib.a(wait.o)
 .debug_line    0x000000000000379b       0xc1 lib/lib.a(string.o)

.debug_frame
 *(.debug_frame)

.debug_str      0x0000000000000000     0x1baf
 *(.debug_str)
 .debug_str     0x0000000000000000      0x3ff init/main.o
                                        0x4b1 (size before relaxing)
 .debug_str     0x00000000000003ff      0xc58 kernel/kernel.o
                                       0x3b7b (size before relaxing)
 .debug_str     0x0000000000001057      0x132 mm/mm.o
                                        0x1cd (size before relaxing)
 .debug_str     0x0000000000001189      0x94f fs/fs.o
                                       0x54bb (size before relaxing)
 .debug_str     0x0000000000001ad8       0x32 lib/lib.a(ctype.o)
                                         0x72 (size before relaxing)
 .debug_str     0x0000000000001b0a        0x8 lib/lib.a(_exit.o)
                                        0x290 (size before relaxing)
 .debug_str     0x0000000000000000        0x8 lib/lib.a(open.o)
                                        0x2a0 (size before relaxing)
 .debug_str     0x0000000000001b12        0x8 lib/lib.a(close.o)
                                        0x292 (size before relaxing)
 .debug_str     0x0000000000001b1a        0x8 lib/lib.a(errno.o)
                                         0x44 (size before relaxing)
 .debug_str     0x0000000000000000        0x8 lib/lib.a(write.o)
                                        0x29e (size before relaxing)
 .debug_str     0x0000000000001b22        0x6 lib/lib.a(dup.o)
                                        0x28a (size before relaxing)
 .debug_str     0x0000000000001b28        0x9 lib/lib.a(setsid.o)
                                        0x29a (size before relaxing)
 .debug_str     0x0000000000001b31        0x9 lib/lib.a(execve.o)
                                        0x2a3 (size before relaxing)
 .debug_str     0x0000000000001b3a       0x11 lib/lib.a(wait.o)
                                        0x2b0 (size before relaxing)
 .debug_str     0x0000000000001b4b       0x64 lib/lib.a(string.o)
                                         0xf8 (size before relaxing)

.debug_loc      0x0000000000000000     0xafbf
 *(.debug_loc)
 .debug_loc     0x0000000000000000      0x256 init/main.o
 .debug_loc     0x0000000000000256     0x3e03 kernel/kernel.o
 .debug_loc     0x0000000000004059      0x640 mm/mm.o
 .debug_loc     0x0000000000004699     0x6353 fs/fs.o
 .debug_loc     0x000000000000a9ec       0x2c lib/lib.a(_exit.o)
 .debug_loc     0x000000000000aa18       0x3f lib/lib.a(open.o)
 .debug_loc     0x000000000000aa57       0x3f lib/lib.a(close.o)
 .debug_loc     0x000000000000aa96       0x57 lib/lib.a(write.o)
 .debug_loc     0x000000000000aaed       0x3f lib/lib.a(dup.o)
 .debug_loc     0x000000000000ab2c       0x13 lib/lib.a(setsid.o)
 .debug_loc     0x000000000000ab3f       0x57 lib/lib.a(execve.o)
 .debug_loc     0x000000000000ab96       0x83 lib/lib.a(wait.o)
 .debug_loc     0x000000000000ac19      0x3a6 lib/lib.a(string.o)

.debug_macinfo
 *(.debug_macinfo)

.debug_weaknames
 *(.debug_weaknames)

.debug_funcnames
 *(.debug_funcnames)

.debug_typenames
 *(.debug_typenames)

.debug_varnames
 *(.debug_varnames)

.debug_pubtypes
 *(.debug_pubtypes)

.debug_ranges   0x0000000000000000      0x458
 *(.debug_ranges)
 .debug_ranges  0x0000000000000000      0x150 kernel/kernel.o
 .debug_ranges  0x0000000000000150      0x308 fs/fs.o

.gnu.attributes
 *(.gnu.attributes)

/DISCARD/
 *(.note.GNU-stack)
 *(.gnu_debuglink)
 *(.gnu.lto_*)
OUTPUT(tools/system elf32-i386)
